.next/types/validator.ts(315,31): error TS2344: Type 'typeof import("C:/Data/S2 Magister/Thesis/Media V3/src/app/api/admin/activity/quiz/[id]/route")' does not satisfy the constraint 'RouteHandlerConfig<"/api/admin/activity/quiz/[id]">'.
  Types of property 'GET' are incompatible.
    Type '(request: NextRequest, context: { params: { id: string; }; }) => Promise<NextResponse<{ error: string; }> | NextResponse<{ id: string; result: { no: number; question: string; options: string[]; userAnswer: string; status: string; }[]; }>>' is not assignable to type '(request: NextRequest, context: { params: Promise<{ id: string; }>; }) => void | Response | Promise<void | Response>'.
      Types of parameters 'context' and 'context' are incompatible.
        Type '{ params: Promise<{ id: string; }>; }' is not assignable to type '{ params: { id: string; }; }'.
          Types of property 'params' are incompatible.
            Property 'id' is missing in type 'Promise<{ id: string; }>' but required in type '{ id: string; }'.
.next/types/validator.ts(342,31): error TS2344: Type 'typeof import("C:/Data/S2 Magister/Thesis/Media V3/src/app/api/admin/activity/transcript/[id]/route")' does not satisfy the constraint 'RouteHandlerConfig<"/api/admin/activity/transcript/[id]">'.
  Types of property 'GET' are incompatible.
    Type '(req: NextRequest, context: { params: { id: string; }; }) => Promise<NextResponse<{ error: string; }> | NextResponse<{ id: string; question: string; answer: string; courseId: string; subtopic: string; createdAt: string; userEmail: string; }>>' is not assignable to type '(request: NextRequest, context: { params: Promise<{ id: string; }>; }) => void | Response | Promise<void | Response>'.
      Types of parameters 'context' and 'context' are incompatible.
        Type '{ params: Promise<{ id: string; }>; }' is not assignable to type '{ params: { id: string; }; }'.
          Types of property 'params' are incompatible.
            Property 'id' is missing in type 'Promise<{ id: string; }>' but required in type '{ id: string; }'.
.next/types/validator.ts(369,31): error TS2344: Type 'typeof import("C:/Data/S2 Magister/Thesis/Media V3/src/app/api/admin/discussions/[sessionId]/feedback/route")' does not satisfy the constraint 'RouteHandlerConfig<"/api/admin/discussions/[sessionId]/feedback">'.
  Types of property 'POST' are incompatible.
    Type '(request: NextRequest, { params }: { params: { sessionId: string; }; }) => Promise<NextResponse<{ error: string; }> | NextResponse<{ success: boolean; }>>' is not assignable to type '(request: NextRequest, context: { params: Promise<{ sessionId: string; }>; }) => void | Response | Promise<void | Response>'.
      Types of parameters '__1' and 'context' are incompatible.
        Type '{ params: Promise<{ sessionId: string; }>; }' is not assignable to type '{ params: { sessionId: string; }; }'.
          Types of property 'params' are incompatible.
            Property 'sessionId' is missing in type 'Promise<{ sessionId: string; }>' but required in type '{ sessionId: string; }'.
.next/types/validator.ts(378,31): error TS2344: Type 'typeof import("C:/Data/S2 Magister/Thesis/Media V3/src/app/api/admin/discussions/[sessionId]/route")' does not satisfy the constraint 'RouteHandlerConfig<"/api/admin/discussions/[sessionId]">'.
  Types of property 'GET' are incompatible.
    Type '(request: NextRequest, { params }: { params: { sessionId: string; }; }) => Promise<NextResponse<{ error: string; }> | NextResponse<{ session: { id: any; status: any; phase: any; learningGoals: any; ... 4 more ...; subtopic: { ...; }; }; messages: any; adminActions: any; }>>' is not assignable to type '(request: NextRequest, context: { params: Promise<{ sessionId: string; }>; }) => void | Response | Promise<void | Response>'.
      Types of parameters '__1' and 'context' are incompatible.
        Type '{ params: Promise<{ sessionId: string; }>; }' is not assignable to type '{ params: { sessionId: string; }; }'.
          Types of property 'params' are incompatible.
            Property 'sessionId' is missing in type 'Promise<{ sessionId: string; }>' but required in type '{ sessionId: string; }'.
.next/types/validator.ts(459,31): error TS2344: Type 'typeof import("C:/Data/S2 Magister/Thesis/Media V3/src/app/api/admin/users/[id]/route")' does not satisfy the constraint 'RouteHandlerConfig<"/api/admin/users/[id]">'.
  Types of property 'DELETE' are incompatible.
    Type '(_req: NextRequest, { params }: { params: { id: string; }; }) => Promise<NextResponse<{ error: string; }> | NextResponse<{ success: boolean; message: string; }>>' is not assignable to type '(request: NextRequest, context: { params: Promise<{ id: string; }>; }) => void | Response | Promise<void | Response>'.
      Types of parameters '__1' and 'context' are incompatible.
        Type '{ params: Promise<{ id: string; }>; }' is not assignable to type '{ params: { id: string; }; }'.
          Types of property 'params' are incompatible.
            Property 'id' is missing in type 'Promise<{ id: string; }>' but required in type '{ id: string; }'.
.next/types/validator.ts(585,31): error TS2344: Type 'typeof import("C:/Data/S2 Magister/Thesis/Media V3/src/app/api/debug/course-test/[id]/route")' does not satisfy the constraint 'RouteHandlerConfig<"/api/debug/course-test/[id]">'.
  Types of property 'GET' are incompatible.
    Type '(request: Request, { params }: { params: { id: string; }; }) => Promise<NextResponse<{ success: boolean; error: string; debug: { courseId: string; coursesFound: number; step: string; }; }> | NextResponse<...> | NextResponse<...>>' is not assignable to type '(request: NextRequest, context: { params: Promise<{ id: string; }>; }) => void | Response | Promise<void | Response>'.
      Types of parameters '__1' and 'context' are incompatible.
        Type '{ params: Promise<{ id: string; }>; }' is not assignable to type '{ params: { id: string; }; }'.
          Types of property 'params' are incompatible.
            Property 'id' is missing in type 'Promise<{ id: string; }>' but required in type '{ id: string; }'.
src/app/api/admin/discussions/[sessionId]/feedback/route.ts(40,19): error TS7006: Parameter 'item' implicitly has an 'any' type.
src/app/api/admin/discussions/[sessionId]/feedback/route.ts(44,22): error TS7006: Parameter 'item' implicitly has an 'any' type.
src/app/api/admin/discussions/[sessionId]/route.ts(161,10): error TS2339: Property 'eq' does not exist on type 'Promise<{ data: null; error: any; } | { data: any; error: null; }>'.
src/app/api/admin/discussions/route.ts(70,40): error TS7006: Parameter 'item' implicitly has an 'any' type.
src/app/api/admin/users/[id]/activity-summary/route.ts(63,23): error TS2554: Expected 0-1 arguments, but got 2.
src/app/api/admin/users/[id]/activity-summary/route.ts(67,23): error TS2554: Expected 0-1 arguments, but got 2.
src/app/api/admin/users/[id]/activity-summary/route.ts(71,23): error TS2554: Expected 0-1 arguments, but got 2.
src/app/api/admin/users/[id]/activity-summary/route.ts(112,39): error TS2339: Property 'count' does not exist on type '{ data: any; error: any; }'.
src/app/api/admin/users/[id]/activity-summary/route.ts(113,33): error TS2339: Property 'count' does not exist on type '{ data: any; error: any; }'.
src/app/api/admin/users/[id]/activity-summary/route.ts(114,39): error TS2339: Property 'count' does not exist on type '{ data: any; error: any; }'.
src/app/api/admin/users/route.ts(62,40): error TS18046: 'c' is of type 'unknown'.
src/app/api/admin/users/route.ts(63,44): error TS18046: 't' is of type 'unknown'.
src/app/api/admin/users/route.ts(64,48): error TS18046: 'q' is of type 'unknown'.
src/app/api/admin/users/route.ts(65,41): error TS18046: 'j' is of type 'unknown'.
src/app/api/admin/users/route.ts(77,11): error TS2561: Object literal may only specify known properties, but 'createdAt' does not exist in type 'UserWithActivity'. Did you mean to write 'created_at'?
src/app/api/admin/users/route.ts(97,11): error TS2561: Object literal may only specify known properties, but 'createdAt' does not exist in type 'UserWithActivity'. Did you mean to write 'created_at'?
src/app/api/auth/login/route.ts(58,65): error TS2339: Property 'password_hash' does not exist on type '{}'.
src/app/api/auth/login/route.ts(68,20): error TS2339: Property 'id' does not exist on type '{}'.
src/app/api/auth/login/route.ts(69,19): error TS2339: Property 'email' does not exist on type '{}'.
src/app/api/auth/login/route.ts(70,18): error TS2339: Property 'role' does not exist on type '{}'.
src/app/api/auth/login/route.ts(77,20): error TS2339: Property 'id' does not exist on type '{}'.
src/app/api/auth/login/route.ts(78,19): error TS2339: Property 'email' does not exist on type '{}'.
src/app/api/auth/login/route.ts(79,18): error TS2339: Property 'role' does not exist on type '{}'.
src/app/api/auth/login/route.ts(83,54): error TS2339: Property 'id' does not exist on type '{}'.
src/app/api/auth/login/route.ts(89,18): error TS2339: Property 'id' does not exist on type '{}'.
src/app/api/auth/login/route.ts(90,21): error TS2339: Property 'email' does not exist on type '{}'.
src/app/api/auth/login/route.ts(91,20): error TS2339: Property 'role' does not exist on type '{}'.
src/app/api/auth/me/route.ts(48,13): error TS18046: 'user' is of type 'unknown'.
src/app/api/auth/me/route.ts(49,16): error TS18046: 'user' is of type 'unknown'.
src/app/api/auth/me/route.ts(50,15): error TS18046: 'user' is of type 'unknown'.
src/app/api/auth/me/route.ts(51,15): error TS18046: 'user' is of type 'unknown'.
src/app/api/courses/[id]/route.ts(77,9): error TS2698: Spread types may only be created from object types.
src/app/api/courses/route.ts(35,29): error TS18046: 'user' is of type 'unknown'.
src/app/api/courses/route.ts(43,11): error TS18046: 'course' is of type 'unknown'.
src/app/api/courses/route.ts(44,14): error TS18046: 'course' is of type 'unknown'.
src/app/api/courses/route.ts(45,14): error TS18046: 'course' is of type 'unknown'.
src/app/api/debug/course-test/[id]/route.ts(52,36): error TS18046: 'subtopic' is of type 'unknown'.
src/app/api/debug/course-test/[id]/route.ts(54,15): error TS18046: 'subtopic' is of type 'unknown'.
src/app/api/debug/course-test/[id]/route.ts(55,18): error TS18046: 'subtopic' is of type 'unknown'.
src/app/api/debug/course-test/[id]/route.ts(56,24): error TS18046: 'subtopic' is of type 'unknown'.
src/app/api/debug/course-test/[id]/route.ts(62,23): error TS18046: 'subtopic' is of type 'unknown'.
src/app/api/debug/course-test/[id]/route.ts(64,23): error TS18046: 'subtopic' is of type 'unknown'.
src/app/api/debug/course-test/[id]/route.ts(74,30): error TS18046: 'subtopic' is of type 'unknown'.
src/app/api/debug/course-test/[id]/route.ts(76,29): error TS18046: 'subtopic' is of type 'unknown'.
src/app/api/debug/course-test/[id]/route.ts(80,35): error TS18046: 'subtopic' is of type 'unknown'.
src/app/api/debug/course-test/[id]/route.ts(90,15): error TS18046: 'course' is of type 'unknown'.
src/app/api/debug/course-test/[id]/route.ts(91,18): error TS18046: 'course' is of type 'unknown'.
src/app/api/debug/course-test/[id]/route.ts(92,29): error TS18046: 'course' is of type 'unknown'.
src/app/api/debug/course-test/[id]/route.ts(93,23): error TS18046: 'course' is of type 'unknown'.
src/app/api/debug/users/route.ts(19,36): error TS18046: 'u' is of type 'unknown'.
src/app/api/debug/users/route.ts(19,49): error TS18046: 'u' is of type 'unknown'.
src/app/api/debug/users/route.ts(19,64): error TS18046: 'u' is of type 'unknown'.
src/app/api/debug/users/route.ts(49,27): error TS2339: Property 'id' does not exist on type '{ email: string; password_hash: string; role: string; }'.
src/app/api/discussion/module-status/route.ts(120,10): error TS2339: Property 'in' does not exist on type 'SupabaseQueryBuilder'.
src/app/api/discussion/module-status/route.ts(171,31): error TS7006: Parameter 'row' implicitly has an 'any' type.
src/app/api/discussion/module-status/route.ts(182,43): error TS7006: Parameter 'row' implicitly has an 'any' type.
src/app/api/discussion/module-status/route.ts(190,10): error TS2339: Property 'in' does not exist on type 'SupabaseQueryBuilder'.
src/app/api/discussion/start/route.ts(226,6): error TS2339: Property 'select' does not exist on type 'Promise<{ data: any; error: null; } | { data: null; error: unknown; }>'.
src/app/api/feedback/route.ts(47,47): error TS2339: Property 'title' does not exist on type '{}'.
src/app/api/feedback/route.ts(62,24): error TS18046: 'user' is of type 'unknown'.
src/app/api/feedback/route.ts(74,33): error TS2339: Property 'id' does not exist on type '{ user_id: any; course_id: any; subtopic_id: any; module_index: number | null; subtopic_index: number | null; subtopic_label: string | null; rating: number; comment: any; }'.
src/app/api/generate-course/log/route.ts(52,16): error TS18046: 'user' is of type 'unknown'.
src/app/api/jurnal/save/route.ts(65,18): error TS2339: Property 'id' does not exist on type '{ user_id: any; course_id: string; content: string; type: string; reflection: string; }'.
src/app/api/jurnal/save/route.ts(71,58): error TS2339: Property 'id' does not exist on type '{ user_id: any; course_id: string; content: string; type: string; reflection: string; }'.
src/app/api/transcript/save/route.ts(55,16): error TS18046: 'user' is of type 'unknown'.
src/app/api/transcript/save/route.ts(64,22): error TS2339: Property 'id' does not exist on type '{ user_id: any; course_id: string; content: string; notes: string; }'.
src/app/api/transcript/save/route.ts(70,62): error TS2339: Property 'id' does not exist on type '{ user_id: any; course_id: string; content: string; notes: string; }'.
src/app/api/user-progress/route.ts(44,59): error TS2571: Object is of type 'unknown'.
src/app/api/user-progress/route.ts(47,75): error TS2571: Object is of type 'unknown'.
src/app/api/user-progress/route.ts(52,20): error TS2339: Property 'created_at' does not exist on type '{ id: string; user_id: any; course_id: any; module_index: any; subtopic_index: any; status: any; time_spent: any; completed_at: string | null; updated_at: string; }'.
src/app/api/user-progress/route.ts(91,18): error TS2353: Object literal may only specify known properties, and 'updated_at' does not exist in type '{ column: string; ascending?: boolean | undefined; }'.
src/app/api/user-progress/route.ts(97,49): error TS18046: 'p' is of type 'unknown'.
src/app/api/user-progress/route.ts(98,51): error TS18046: 'p' is of type 'unknown'.
src/app/api/user-progress/route.ts(99,60): error TS18046: 'p' is of type 'unknown'.
src/app/course/[courseId]/discussion/[moduleIdx]/page.tsx(788,30): error TS2339: Property 'userHasCompletion' does not exist on type '{ key: string; title: string; generated: boolean; quizQuestionCount: number; answeredCount: number; quizCompleted: boolean; missingQuestions: string[]; }'.
src/app/course/[courseId]/discussion/[moduleIdx]/page.tsx(796,47): error TS2339: Property 'userHasCompletion' does not exist on type '{ key: string; title: string; generated: boolean; quizQuestionCount: number; answeredCount: number; quizCompleted: boolean; missingQuestions: string[]; }'.
src/app/course/[courseId]/discussion/[moduleIdx]/page.tsx(815,50): error TS2339: Property 'userHasCompletion' does not exist on type '{ key: string; title: string; generated: boolean; quizQuestionCount: number; answeredCount: number; quizCompleted: boolean; missingQuestions: string[]; }'.
src/app/course/[courseId]/discussion/[moduleIdx]/page.tsx(821,33): error TS2339: Property 'userHasCompletion' does not exist on type '{ key: string; title: string; generated: boolean; quizQuestionCount: number; answeredCount: number; quizCompleted: boolean; missingQuestions: string[]; }'.
src/app/course/[courseId]/layout.tsx(237,25): error TS2339: Property 'type' does not exist on type 'Subtopic'.
src/app/course/[courseId]/layout.tsx(238,26): error TS2339: Property 'isDiscussion' does not exist on type 'Subtopic'.
src/app/course/[courseId]/page.tsx(424,19): error TS2339: Property 'type' does not exist on type 'SubtopicSummary'.
src/app/course/[courseId]/page.tsx(424,49): error TS2339: Property 'isDiscussion' does not exist on type 'SubtopicSummary'.
src/components/NextSubtopics/NextSubtopics.tsx(47,16): error TS2339: Property 'type' does not exist on type '{ title: string; }'.
src/components/NextSubtopics/NextSubtopics.tsx(47,47): error TS2339: Property 'isDiscussion' does not exist on type '{ title: string; }'.
src/lib/activitySeed.ts(21,22): error TS2571: Object is of type 'unknown'.
src/lib/activitySeed.ts(21,49): error TS2571: Object is of type 'unknown'.
src/lib/activitySeed.ts(31,25): error TS2339: Property 'id' does not exist on type '{ email: string; password_hash: string; name: string; role: string; }'.
src/lib/activitySeed.ts(43,24): error TS2571: Object is of type 'unknown'.
src/lib/activitySeed.ts(43,53): error TS2571: Object is of type 'unknown'.
src/lib/activitySeed.ts(54,29): error TS2339: Property 'id' does not exist on type '{ title: string; description: string; subject: string; difficulty_level: string; created_by: string; }'.
src/lib/activitySeed.ts(171,32): error TS2339: Property 'id' does not exist on type '{}'.
src/lib/activitySeed.ts(174,35): error TS2339: Property 'title' does not exist on type '{}'.
src/lib/activitySeed.ts(190,13): error TS18046: 'module' is of type 'unknown'.
src/lib/activitySeed.ts(193,35): error TS18046: 'module' is of type 'unknown'.
src/lib/activitySeed.ts(228,34): error TS2339: Property 'id' does not exist on type '{}'.
src/lib/activitySeed.ts(237,19): error TS2339: Property 'id' does not exist on type '{ course_id: string; subtopic_id: any; question: string; options: string[]; correct_answer: string; explanation: string; }'.
src/lib/activitySeed.ts(294,34): error TS2339: Property 'id' does not exist on type '{}'.
src/lib/activitySeed.ts(296,46): error TS2339: Property 'title' does not exist on type '{}'.
src/lib/activitySeed.ts(303,34): error TS2339: Property 'id' does not exist on type '{}'.
src/lib/activitySeed.ts(304,27): error TS2339: Property 'id' does not exist on type '{ course_id: string; subtopic_id: any; version: string; source: { subtopicTitle: any; }; template: { learning_goals: { id: string; description: string; thinkingSkill: { domain: string; indicator: string; }; }[]; phases: { ...; }[]; }; }'.
src/lib/activitySeed.ts(311,25): error TS2339: Property 'id' does not exist on type '{ user_id: string; course_id: string; subtopic_id: any; template_id: any; status: string; phase: string; learning_goals: { id: string; description: string; thinkingSkill: { domain: string; indicator: string; }; }[]; }'.
src/lib/activitySeed.ts(319,25): error TS2339: Property 'id' does not exist on type '{ user_id: string; course_id: string; subtopic_id: any; template_id: any; status: string; phase: string; learning_goals: { id: string; description: string; thinkingSkill: { domain: string; indicator: string; }; }[]; }'.
src/lib/activitySeed.ts(329,25): error TS2339: Property 'id' does not exist on type '{ user_id: string; course_id: string; subtopic_id: any; template_id: any; status: string; phase: string; learning_goals: { id: string; description: string; thinkingSkill: { domain: string; indicator: string; }; }[]; }'.
src/lib/discussion/resolveSubtopic.ts(39,8): error TS2339: Property 'ilike' does not exist on type 'SupabaseQueryBuilder'.
